COLUMN_HASH_UTC=2026-08-08T18:51:22Z
Linux codespaces-8604ef 6.8.0-1052-azure #58~22.04.1-Ubuntu SMP Thu Mar 26 05:02:21 UTC 2026 x86_64 x86_64 x86_64 GNU/Linux
model name	: AMD EPYC 7763 64-Core Processor
rustc 1.97.1 (8bab26f4f 2026-07-14)
binary: rustc
commit-hash: 8bab26f4f68e0e26f0bb7960be334d5b520ea452
commit-date: 2026-07-14
host: x86_64-unknown-linux-gnu
release: 1.97.1
LLVM version: 22.1.6
cargo 1.97.1 (c980f4866 2026-06-30)
COLUMN_HASH_HEAD=54cca2ad51fae469e5a342902b034196c34cc3bf
COLUMN_HASH_BRANCH=agent/pure-uor-float-fractal
b97ff23b206a29db0ce1cbc7051a30c6bfe5d790f1e1a229cc1076d2e24bbc85  crates/uor-matmul-gemm/src/tabulated.rs
42c25faadff8d7d241bf1cbcc406942f77f0319a9c56ead59058d8623c63f74c  crates/uor-matmul-model/src/derive.rs
306d0914490e07c8fe462ce38f7fa6d9588bb9b97937623f12a775f5f488fb76  model/constants.toml
765a82dafbd9263a5f4801e5022e56eeda527784176f9cd64c4226ede6c3a553  xtask/src/uor_float.rs
287d7784819bfdaf257aa5435fc92889ee6504228819f2b03e45e2a73aa67bc3  Cargo.lock
COLUMN_HASH_INVOCATION=cargo test --release -p uor-matmul-gemm --lib tabulated::tests::ternary_radix_column_collapse_does_not_regress_the_retained_legacy_clock_cu_11 -- --ignored --exact --nocapture
   Compiling uor-matmul-gemm v0.1.0 (/workspaces/uor-matmul/crates/uor-matmul-gemm)
    Finished `release` profile [optimized] target(s) in 3m 03s
     Running unittests src/lib.rs (target/release/deps/uor_matmul_gemm-178b0bec73e85c1a)

running 1 test
column-collapse depth=1: paired_ratio=0.5363, 95% CI=[0.5294, 0.5434], samples=64, batch=32768
column-collapse depth=16: paired_ratio=0.7727, 95% CI=[0.7682, 0.7772], samples=64, batch=8192
column-collapse depth=64: paired_ratio=0.8209, 95% CI=[0.8148, 0.8271], samples=64, batch=4096
column-collapse depth=256: paired_ratio=0.8957, 95% CI=[0.8891, 0.9023], samples=64, batch=2048
test tabulated::tests::ternary_radix_column_collapse_does_not_regress_the_retained_legacy_clock_cu_11 ... ok

test result: ok. 1 passed; 0 failed; 0 ignored; 0 measured; 124 filtered out; finished in 20.27s
