UTC=2026-08-08T22:33:09Z
Linux codespaces-8604ef 6.8.0-1052-azure #58~22.04.1-Ubuntu SMP Thu Mar 26 05:02:21 UTC 2026 x86_64 x86_64 x86_64 GNU/Linux
model name	: AMD EPYC 7763 64-Core Processor
rustc 1.97.1 (8bab26f4f 2026-07-14)
binary: rustc
commit-hash: 8bab26f4f68e0e26f0bb7960be334d5b520ea452
commit-date: 2026-07-14
host: x86_64-unknown-linux-gnu
release: 1.97.1
LLVM version: 22.1.6
cargo 1.97.1 (c980f4866 2026-06-30)
HEAD=4896156face89599fe03406bc7f7be1780d3fbcf
b97ff23b206a29db0ce1cbc7051a30c6bfe5d790f1e1a229cc1076d2e24bbc85  crates/uor-matmul-gemm/src/tabulated.rs
a75b8699d2581cb26b0fbf697e1b3a354c3f572706fa30496d1be68ee41805b8  crates/uor-matmul-model/src/derive.rs
306d0914490e07c8fe462ce38f7fa6d9588bb9b97937623f12a775f5f488fb76  model/constants.toml
92c9651196441ed13600ac8ab9b1739b4879b5148591b3f54a863dd9cb1b8f2c  xtask/src/uor_float.rs
287d7784819bfdaf257aa5435fc92889ee6504228819f2b03e45e2a73aa67bc3  Cargo.lock
COMMAND=cargo test --release -p uor-matmul-gemm --lib tabulated::tests::ternary_radix_column_collapse_does_not_regress_the_retained_legacy_clock_cu_11 -- --exact --ignored --nocapture
    Finished `release` profile [optimized] target(s) in 0.07s
     Running unittests src/lib.rs (target/release/deps/uor_matmul_gemm-178b0bec73e85c1a)

running 1 test
column-collapse depth=1: paired_ratio=0.5327, 95% CI=[0.5265, 0.5389], samples=64, batch=32768
column-collapse depth=16: paired_ratio=0.7988, 95% CI=[0.7954, 0.8023], samples=64, batch=8192
column-collapse depth=64: paired_ratio=0.8291, 95% CI=[0.8263, 0.8318], samples=64, batch=4096
column-collapse depth=256: paired_ratio=0.9095, 95% CI=[0.8995, 0.9196], samples=64, batch=2048
test tabulated::tests::ternary_radix_column_collapse_does_not_regress_the_retained_legacy_clock_cu_11 ... ok

test result: ok. 1 passed; 0 failed; 0 ignored; 0 measured; 125 filtered out; finished in 18.22s

b97ff23b206a29db0ce1cbc7051a30c6bfe5d790f1e1a229cc1076d2e24bbc85  crates/uor-matmul-gemm/src/tabulated.rs
a75b8699d2581cb26b0fbf697e1b3a354c3f572706fa30496d1be68ee41805b8  crates/uor-matmul-model/src/derive.rs
306d0914490e07c8fe462ce38f7fa6d9588bb9b97937623f12a775f5f488fb76  model/constants.toml
92c9651196441ed13600ac8ab9b1739b4879b5148591b3f54a863dd9cb1b8f2c  xtask/src/uor_float.rs
287d7784819bfdaf257aa5435fc92889ee6504228819f2b03e45e2a73aa67bc3  Cargo.lock
