UTC=2026-08-09T03:25:32Z
Linux codespaces-8604ef 6.8.0-1052-azure #58~22.04.1-Ubuntu SMP Thu Mar 26 05:02:21 UTC 2026 x86_64 x86_64 x86_64 GNU/Linux
model name	: AMD EPYC 7763 64-Core Processor
rustc 1.97.1 (8bab26f4f 2026-07-14)
binary: rustc
commit-hash: 8bab26f4f68e0e26f0bb7960be334d5b520ea452
commit-date: 2026-07-14
host: x86_64-unknown-linux-gnu
release: 1.97.1
LLVM version: 22.1.6
cargo 1.97.1 (c980f4866 2026-06-30)
HEAD=ce114b56c20d015928d6642fcc4ee26f5a351b12
BASE=8df6471a78b5192f4d92f11b4b8302c549cf92e4
BRANCH=agent/pure-uor-float-fractal
RUSTFLAGS=
SOURCE_MANIFEST_BEGIN
ecc3c605f188856daae87aae5e9ca5536ce621970ec4c737febc6e7628dbc7f2  .cargo/config.toml
287d7784819bfdaf257aa5435fc92889ee6504228819f2b03e45e2a73aa67bc3  Cargo.lock
12c023ab4b58599fa168cbf5169f38685bda5de6b28c2a7c7cb4ebdc9eb4ce94  Cargo.toml
8b88c4460ed6c197d452b45557c9cb99099b686d8c54ed54db01505d8d4d733f  Justfile
a3748a09707fb97878197c196bc35fca599c91ef328a510432ffb46f5b72be76  crates/uor-matmul-codec/Cargo.toml
d366f8068fad13584272b256da2e7122cdc8cb6b64bce0c7bf72655073e4cf41  crates/uor-matmul-codec/src/codecs.rs
aab308efe9d95cffdeab99c8f4f3151089086b2d876498428f016f33561ef079  crates/uor-matmul-codec/src/e8.rs
ca608c9af4b112f530e4314455fcbafe6de9945d345c57eb93b996be9cad5370  crates/uor-matmul-codec/src/kappa.rs
eb9ec583db787689b0f3a0668d88ee768bd9fe6089ac145128ca578cb4ba7baf  crates/uor-matmul-codec/src/lib.rs
256f8873ba3fa8e3b694e9d5ab2ffc69bfbc04a551f114e7a4096a9e3f7b8251  crates/uor-matmul-codec/src/matrix.rs
a4dda3938a8914dcc019631deb4e2feebd9f780af6198997751ce3d775cf76cb  crates/uor-matmul-codec/src/tier.rs
b0354214bff95fc9557aa3d0b3fa269bf65639278d99a081b8251a7de7450b75  crates/uor-matmul-codec/tests/codec.rs
83c35d161c093bf3aeb4de5a71a13f1ac9a717ec52e07323b8a68f94169005b1  crates/uor-matmul-conformance/Cargo.toml
9a81a5a52e51b4bd6f5e203857bc4aad628f67065b9700cdfdbfb0a3daab0a90  crates/uor-matmul-conformance/src/harvest.rs
a3ca9272452c5ae1841b15e1e124c47cb93c6690e227ec408852e4d810d7e15e  crates/uor-matmul-conformance/src/lib.rs
878c72fe37b7e5f8d3480b741a7712d91e96bcee5a0c6f25a85f2a4f3ca1cd82  crates/uor-matmul-conformance/src/meta.rs
5c069814f323dd6881e2b32fd27cde0e05f842189a7559ef9b999fb258e83930  crates/uor-matmul-conformance/src/runner.rs
dcd43e34daf417bfefff4dfb25b1ecb5baecff441c0d802022893dfaa3b776e9  crates/uor-matmul-conformance/tests/bdd.rs
b9dd1275944b6706018f0ab423aaefd3d4b4714d78543c166ee27345a1882785  crates/uor-matmul-conformance/tests/cortex_m.rs
ef3a1c3d5cd8b1c5eca9fabd00fd363bcf037a0ec8f05c1624573198d484f292  crates/uor-matmul-conformance/tests/environment.rs
03bb9bd7397ab1d0ac37eeba86e9f3d22c16b579f8e94053254d3ca23aa825a2  crates/uor-matmul-conformance/tests/issue_census.rs
f002ae0b85104d8bc5fd4380da64f18b97cd9477088053869c336f5f88defeef  crates/uor-matmul-conformance/tests/public_float_api.rs
c47a02c29de56162af449046104866bbba6a4527759507cc48703e405622f0ea  crates/uor-matmul-conformance/tests/uor_float_foundation.rs
2c300eed4eb37979f66ce5930c020f826d8c293b8bbaab76e5f3a2eb744d211e  crates/uor-matmul-core/Cargo.toml
816248b24565d5b4a9dfa4f757bf88d53178d5a3073c224ba79860b99481b6e3  crates/uor-matmul-core/src/acc.rs
0b11d9e44a0f72fc7a5b37efc90df4134de7c74e1a5f727e96ff04c54a5d30c3  crates/uor-matmul-core/src/alphabet.rs
4078cf6ef3bd63260bb0d27902f565197073c38afdcbeb57952ce2dff2d8bfee  crates/uor-matmul-core/src/bounds.rs
7997af0edd72c99062b2485a5f9bd9e20be96dbae90115d544eebb91836721be  crates/uor-matmul-core/src/dot.rs
394d331f06bee3a1f29a9eb3ff129ecc0c2ff3ada4ac91262dd63e79bd4aa3a5  crates/uor-matmul-core/src/error.rs
0b5588f626e79848087645ae2f8a242845482a2c9aef8eb8586bbabc6ee005a9  crates/uor-matmul-core/src/float_atlas.rs
ee7e2b77a38222c32d1c6a9e330f4b28ecb925daa07d774a875842796c3c94cf  crates/uor-matmul-core/src/gauge.rs
a79ff11df5c9da8edfa6e8743cb0a17296459ef779e2bca75ad09363360935c0  crates/uor-matmul-core/src/generated.rs
bda5537d0834e752e743eeec1041bef69685921d0b0bdcd53a711f0dda7044a5  crates/uor-matmul-core/src/layout.rs
632aed2a42d205d4804c82ea3cfdce6e0cf7061b0bfb67d7df793b12deb78d8b  crates/uor-matmul-core/src/lib.rs
d018e7e1e35a70c883819c2110588bebf8fc50bc7f0983a95ee8941848f29096  crates/uor-matmul-core/src/policy.rs
073c870684cd9eb0b77492569bd24dc58b198fa4a23ed87f995e359ffc4d2f11  crates/uor-matmul-core/src/semiring.rs
6e05ca8d6ddb4f6e57e3122951760e85bedeab3b80eb32fe23abb944264575d8  crates/uor-matmul-core/src/tropical.rs
e4e164b385008754ce27a47854cf97d14b0efb6524f6c229a2505a818f243305  crates/uor-matmul-executor/Cargo.toml
7210c31a32aee66e478402df8d2dea577028986e3861879757ba8bed917f0b90  crates/uor-matmul-executor/build.rs
1db37395a3080c78d953d44ba62759fd09c254685041afed489f005d02e70e11  crates/uor-matmul-executor/src/main.rs
405d1e30217146f7c1fe5c62471fa6d8301412135a86763f1a2dc103f9501f62  crates/uor-matmul-gemm/Cargo.toml
af05a9c847b5729d9d6ed8305775f2fc6c916728331e051ced991944466d7330  crates/uor-matmul-gemm/src/coded.rs
c22852d855fd89094c0bea718575d3aa948ae77d8fc0a75f9972403a99c74035  crates/uor-matmul-gemm/src/collapse.rs
7e500c864e25a4c4ed732e1b9b2e017bbab89203e61c8f65eb928c2ced848718  crates/uor-matmul-gemm/src/driver.rs
5ba45a0eee9a4a9976e8e881abc8269effbfd50a8f62dfdf3eb794996875f314  crates/uor-matmul-gemm/src/epilogue.rs
867a6954f19a73b6a209ade7f8ce67ab48de9de760eb1b40c440edb7bc0a1724  crates/uor-matmul-gemm/src/float.rs
4a758e5d18b27bae51201999966040704ac214d4e5e832d5991d47aeaf49c36d  crates/uor-matmul-gemm/src/generated_atlas_dispatch.rs
0ec0bb16acc9db1a962609b0f0914c756a78cf8e777abef66534dc4a107d7b03  crates/uor-matmul-gemm/src/kernel.rs
127ab847939542253d03984452a2dda061d9055bbc9cdac7206a6025aee18669  crates/uor-matmul-gemm/src/lib.rs
f9b1be42fb06500aaa6d75cc7ed43859ee2be19289ccc680448f9c4790418568  crates/uor-matmul-gemm/src/partition.rs
0fb61e420dc5c461b6e453f80cc3e70c41ef00a665deeb39ec44fb0aaacb1488  crates/uor-matmul-gemm/src/scratch.rs
7bc222c62aa334728019269bdd9686ab9a70305e8d9bb4ee68d75623224bf27e  crates/uor-matmul-gemm/src/selection.rs
c58820cc020ca60e4c26c52e2d0c0267a674cc04f0e45d176aa8581f54d70757  crates/uor-matmul-gemm/src/strassen.rs
ba0c87262cb1f0a45cbb6fdf9ad8955f10264b3c05b99ab26f10e1cd4235ae67  crates/uor-matmul-gemm/src/tabulated.rs
2047339a519b525f7046cc413e777739cfd6a5dd4509c0795c36ddf48a973cf7  crates/uor-matmul-kernels/Cargo.toml
9d30dd557d21ff786eaa81c74de2194fdc278a252ddeb28c01c1db6974d51071  crates/uor-matmul-kernels/src/generated_capacity.rs
a742d42f37ec2d5b33bcd1e8f115bacdb10b9842b185daba3f28561a26fa1253  crates/uor-matmul-kernels/src/isa/absent_arm.rs
7453602845693593bdb9db630ceb72e577ec406bb400b61068ef860dd7c323d7  crates/uor-matmul-kernels/src/isa/absent_wasm.rs
3f312c5f846c48142ffa2f80e3024ce684a9d7fc5998f3597d3056efe6113496  crates/uor-matmul-kernels/src/isa/absent_x86.rs
9d7d6cc528d76a14ca45e695e83536966df338f9d524c92e284745b9efe44804  crates/uor-matmul-kernels/src/isa/arm.rs
e9d83a795cbda8d4c8a64817e91ff8bca47d1d9d48073c940e56ca354a1574d8  crates/uor-matmul-kernels/src/isa/mod.rs
1c8db4845c8172480744f7d14d640ae89c248bd1c238829f015d09d245f23efb  crates/uor-matmul-kernels/src/isa/portable.rs
289bc91c791c35cb76c4728b7a4165162931e186b1a28bdc624219e1972a8cae  crates/uor-matmul-kernels/src/isa/wasm.rs
5a55309cff22b3a100fff564bbd9d109f1f75b51abcca079053198aeeacb6ab9  crates/uor-matmul-kernels/src/isa/x86.rs
60d903dc770e46a2a738c476c86e4959b12bc31fbb38f1e45248613de2dae8c4  crates/uor-matmul-kernels/src/lib.rs
982d1216b9ba03b90ca5b50fc0b8877ecf0368a8a956887cc807fbdcb1d83407  crates/uor-matmul-kernels/src/lookup.rs
0335fb1cee003daf0f26824a85dedcb98ed91a016e800b186fff77cc1acdbe53  crates/uor-matmul-kernels/src/parity.rs
f277142e0c781ccc1516c83be0a7a47962b6c9b3276b4e7e77b3ecee16cae0de  crates/uor-matmul-kernels/src/spec.rs
ac7530987f5c569a4e3f99e82fb53a26c736aa4cfee811b899974b25ea3f1475  crates/uor-matmul-kernels/src/table.rs
9a2468a5ce75c4071238822d45fa5d67f59395c5ded393940c863318a35ba73b  crates/uor-matmul-kernels/src/tropical.rs
d58463131fb3faf96cd5f26ec13eb35191e21959a0caf447456a28e458ee0cf7  crates/uor-matmul-kernels/tests/native_nibble_lookup.rs
4ad824ffedf7f54a0b6b786ff037643aa1bde7ddff5492b00a8746c5c3a8ca86  crates/uor-matmul-kernels/tests/parity.rs
4c3be35867f6bd4b660004e1b3cef572b31aea547af855c4b9fa5c73ec75e392  crates/uor-matmul-kernels/tests/swar_sweep.rs
9c9904424dbe3c59ec0e98f5b1ecd91eb43d3228981ddfa9ff77f4966ff8ccaf  crates/uor-matmul-model/Cargo.toml
2f2d6ca1543a8ef2ae849d6b0cb2e9c50d1cb4096bec112705002115a991a1e8  crates/uor-matmul-model/src/codegen.rs
a75b8699d2581cb26b0fbf697e1b3a354c3f572706fa30496d1be68ee41805b8  crates/uor-matmul-model/src/derive.rs
afec40532e39899273a6644fb92c3a90ce81c48730c1684a0404194e78134416  crates/uor-matmul-model/src/lib.rs
111ee03e4a500a21e5e580d678bc5766e6834dab67d22904c6cf117f875a8d45  crates/uor-matmul-model/src/registry.rs
cd0fae521eda5a176c687fa84b5d99e4cbbe3e04a7aa1fdaa2ef0fb01a72e430  crates/uor-matmul-validate/Cargo.toml
f625fe12f2bd0f40c01170a7d6ae07b1c2d61d149c8962804d94811f7036e442  crates/uor-matmul-validate/benches/scaling.rs
60a396ab08b577a5cdccdd54bed8fbb61c7149f779ba94f166cc89f973f3d262  crates/uor-matmul-validate/benches/scaling/native_lookup.rs
b3bf139a4c123c99fb135de96d0bfa2f026c459b2820071e8e2179d4be6ba3ce  crates/uor-matmul-validate/examples/collapse_sweep.rs
1f0dc699534f2668f7f9600bef9d5ee24dd4299a7d90dbc636fb8a520e049dba  crates/uor-matmul-validate/examples/float_tabulation.rs
4b8e35cd32ab09c81d0d8fac2da08271566d92b34c2fc26f557b186a8c02afa5  crates/uor-matmul-validate/examples/oracle_sweep.rs
373b51178e7b746ec7cc448ae52399bfd69623f51395ba42222e8e8336374165  crates/uor-matmul-validate/examples/tabulation_breakeven.rs
8060c7d003ba8ee5d9302cba5a08c97d00ba2644d686d4edb3768742d7f96f0c  crates/uor-matmul-validate/examples/tabulation_sweep.rs
647ee6fb1b8251caf802c76edbae3c852cb4aa8cd7a4c99e42d82b35d793bd9c  crates/uor-matmul-validate/src/bin/benchmark_report.rs
6787a8fad80c31940421b9b548a1eb8d15c47ae3af3d30b1fba4072a8411f3a3  crates/uor-matmul-validate/src/coissue.rs
e0003e7116129aa74e25be4a5a7e110559176e81f169ce8b6a011ddb4ef48134  crates/uor-matmul-validate/src/corpus.rs
52ecf3fcbd8cefc44ecf7f32120e6f5f1ecc7914b50f1b9ec494e4e3b224317f  crates/uor-matmul-validate/src/counting.rs
4ac6d9bc06e43c5d206de79360f5e6005fa2b425c6b0ab080a5550460f6d4f24  crates/uor-matmul-validate/src/float_corpus.rs
842f12c581f27a2c3fd147c981f00cb47b9ffb45e806e062c1e4314c5d1e424a  crates/uor-matmul-validate/src/float_tab.rs
fded5ad9274c30496b641a30531ed71aa7f915d15e8f8df13265973b2da56111  crates/uor-matmul-validate/src/lib.rs
5cef60c58a8280f297cb4ff330ff57594f9ec77826207ba6e18d5b8c035e1260  crates/uor-matmul-validate/src/oracle.rs
d28272b499ee13ec6442174e08f9a90bcafbfe8fd2fb0b2862c2a877f701086c  crates/uor-matmul-validate/src/scaling.rs
a60aa96f016efb45964cd8d4bd08c98cca7ee828c19401d9ed397b00e4e9f902  crates/uor-matmul-validate/tests/block_sweep.rs
268b1e8a20ca7415c0bebd5505c53bc28a447eaefc1baf06dfe6179d387d718c  crates/uor-matmul-validate/tests/bridge_sweep.rs
8a5919d128702cb9adb1731730dafa3d6f498ffed33b1bec75c268013631ae87  crates/uor-matmul-validate/tests/common/mod.rs
85f9d5216161d5e4b419ab04c68b2dd6bae2aa8b61f23c7034c5740b4e3ea43a  crates/uor-matmul-validate/tests/cross_library.rs
87ec9b791a8792a0911a511b25f7b2012c542ea84c2c4f5a5c34c241f865047c  crates/uor-matmul-validate/tests/environment.rs
987e8ee5bc5fdea6f0d9e9bc973ccd042d68d25596687f33d935481353a9ebfe  crates/uor-matmul-validate/tests/float_oracles.rs
ff2344702706e101f6f1797d702f2c165d6c18468dfe8c10b2a387b73684063e  crates/uor-matmul-validate/tests/massive.rs
0cdb9d476ef124a56857226e95f60360e1c4b6c7ca790eed8d1472cd92309150  crates/uor-matmul-validate/tests/numpy.rs
329f0ee9ea5e8981a94957cc23234378338fa49665df6df9c1abe087cfda0627  crates/uor-matmul-validate/tests/provenance.rs
181eca87c2f7dcdeb1e6348edfc9503b7ecdd7cb6ab25ab642a0f87e56376c1f  crates/uor-matmul-validate/tests/scaling_report.rs
df4cdf4ad1128aa351f77c03555afc91306a89aea15b7973a5f4ba39360129da  crates/uor-matmul-validate/tests/selection.rs
eadd77d59845f671a0181480492709939b8680992699b2f9402f827931794da5  crates/uor-matmul-validate/tests/strassen.rs
0b6782018c95216bdfb3483c3c4bb864d2f7369f681cd2b12107bf767236704a  crates/uor-matmul-validate/tests/strassen_sweep.rs
d575c3cc349277b1b9342f214d522362731465b9b128d116f3ecbc8488831c44  crates/uor-matmul-validate/tests/symbol_bandwidth.rs
0b125d0e1b309570ddf5cce566e14392cd165d2a750c612a3ffe82d76400f965  crates/uor-matmul-validate/tests/symbol_corpus.rs
2d262d5465efb2f643f1ec383ffb9ceca1af2ddd61e1c55f0486dfb148d93c2f  crates/uor-matmul-validate/tests/symbol_tabulated_sweep.rs
7f8d6dc41aee66a4bbe30781399d7032dd42afb011a5fdb6a41916ba7f819c04  crates/uor-matmul-validate/tests/tropical_oracle.rs
bc7ca7ce854732ae979e8f5adda7ce48089a021c5f430f4617a9ec62e044358a  crates/uor-matmul-validate/tests/tropical_sweep.rs
0788eb16d5dfc3c3fafc0bdfd88da7e2e323e51c1069ffdc8f9da871db54e835  crates/uor-matmul-validate/tests/uor_float.rs
54162a9c91e6c4650fa82679e840295b590a263fc3e9721a806fa412ed6d8136  crates/uor-matmul-validate/tests/uor_float_sweep.rs
b76328a59dc6c3eeb8f2e37eb12ce95b6f79a5cc85d8f00ac101c9cf4772a162  crates/uor-matmul/Cargo.toml
436c16b0c166886df62fcb74cb4b06d4b45c1cc8e18ce18e152665e391e7c004  crates/uor-matmul/src/lib.rs
6fedafc056a256d966110a6f54a59595a32e63e350d6495b9e4dd729613edbef  crates/uor-matmul/src/raw.rs
09ac4be40355e5f38ab6c2656ef1a844e7b30734132dabe1179b79d084c3eedf  crates/uor-matmul/src/slice.rs
b8529462d5dec4d4b72ddebd9a1e925e458af4247663f9162b99e8024122cc4e  crates/uor-matmul/tests/auto.rs
62ecf66884c71051e98967d8d0a80a212b327e8e82249616055bd9c944857114  crates/uor-matmul/tests/float_workspace.rs
2dce5150fa72d943f6f383e985f3080ec61be7b943a4a3ac97e4820ec630e0f5  crates/uor-matmul/tests/raw.rs
eca644fb145a73089139f980260ad4e50910dba303e5540cd1857477d78a82e9  crates/uor-matmul/tests/workspace.rs
7cf7c40eae161c2f5652c470949032b41cb00b942f5424f0a9cc500be34d5d55  model/authorities.toml
306d0914490e07c8fe462ce38f7fa6d9588bb9b97937623f12a775f5f488fb76  model/constants.toml
a5aa81322cedaed1a8c2258ed4529edf51c26e035e1431bd0cc2f10afdb409ce  model/ids.toml
5faea90afbcdbcf789c8a6c30c9844b76b90eefccfe24eb2e5f4f01bf433f7b3  model/ledger.toml
f78155cf6d2cfc8b3beef0f6727de3fe3d94c8f36d59318dfa2063fcaf038ab7  model/oracles.toml
fe6c03698d871fc8556f3e6cc1388e3430053af63aa95a725fbaecc34f0d40b7  model/tiers.toml
61d95e052695a60da927ef5e3c3eeb2701a065f3f9f1ea9a7e529f2231578c75  model/widths.toml
ab31e7cd341da17e1574ed40c4a2e99433410ba2fbb659e39dcd3d7a4fd19677  rust-toolchain.toml
5e91b89bc80eeb2ac065ac6124a0753496292a0ebbfa4c84f8c252237cb26f84  xtask/Cargo.toml
7091eed20416a1a562ab5228c6246f41afe70b4f80750e69cd7b72379abb6616  xtask/src/api.rs
bddda08d78dd2e5d1c900597a835edff9bc353ec844cc5feff12202b22699003  xtask/src/audit.rs
1d91625c4ef277f319d2694d75d61187fe90d6d20404f83ebaec835c13cfc547  xtask/src/census.rs
97955fdf64cdc74ac67f7e6565e25559bd6a50d622f336fcdaa61d97a15dd0db  xtask/src/main.rs
a471feba4b38ec66a1c83f0eadd9b8a5c0e003083a7a4b920a4496e669ba641c  xtask/src/uor_float.rs
SOURCE_MANIFEST_AGGREGATE=7dc928ae373f2625723a25ba4ad7b2169fe7e2ac4f824ac60c55033f84672f2e
SOURCE_MANIFEST_END
INVOCATION=taskset -c 0 cargo bench -p uor-matmul-validate --bench scaling -- __native_lookup_acceptance_only__ --noplot
   Compiling uor-matmul-validate v0.1.0 (/workspaces/uor-matmul/crates/uor-matmul-validate)
    Finished `bench` profile [optimized] target(s) in 1m 14s
     Running benches/scaling.rs (target/release/deps/scaling-e61a7d38be5445fc)
native_lookup acceptance class=changed acceptance/tile/avx2-mr1-nr8-kg1: samples=256 batch=131072 resolved/raw=0.943490 upper95=0.948814 paired_log_ratios=[-0.028526084752301718, -0.028152084656462437, -0.20788005374958013, -0.10287280728322244, -0.03588639922496446, -0.12493529441557652, -0.06889340930244585, -0.07664349913019712, -0.02154267303088248, -0.025925293740136048, -0.031142693404184876, -0.026154505703472417, -0.026941267485850157, -0.0309027911143916, -0.031968518537231636, -0.02813094949315723, -0.05005503206002523, -0.0527120523520154, -0.03437366810767245, -0.02750376550950191, -0.09456977347487122, -0.2120104824591752, -0.0338484179061527, -0.02059486251644369, -0.02708006762560107, -0.05339571638251302, -0.027150621158953284, -0.026156083610711468, -0.04208282473441432, -0.1984199024307586, -0.05211459428974154, -0.07622680369080059, -0.03568223667177221, -0.11143491800712306, -0.07894809628477929, -0.04260245276638115, -0.03176616163380208, -0.028853460373271037, -0.028302943439858255, -0.12747358187472638, -0.038979411971317296, -0.03659378019986269, -0.029494641196035027, -0.05486920624726453, -0.02792486165208435, -0.08673156532972777, -0.027004579584864814, -0.03372731128612506, -0.04826700692976405, -0.12445728108362857, -0.10386857235987335, -0.02642473048432355, -0.05537652248895967, -0.026946724153538302, -0.027498813341296276, -0.027381725464234473, -0.03420950357572529, -0.169193354689073, -0.04475348177190098, -0.029365865371345543, -0.05734285062673921, -0.03282083694981305, -0.03258096587146544, -0.031366492328262274, -0.20216213838447392, -0.0758824296267901, -0.030965763324744773, -0.1887364835860763, -0.10517396710482145, -0.02821433660395486, -0.02914715575964804, -0.03234546519858287, -0.028720245295744847, -0.055114273461831675, -0.16645588598735642, -0.05903967357982424, -0.1514802952308313, -0.08883869025917927, -0.09471694901157271, -0.07140312273067177, -0.09179776816503682, -0.04743819737222005, -0.040701058334963396, -0.030958414163851825, -0.026070819366116854, -0.02766756833399516, -0.053743598806509495, -0.027397118380696018, -0.026503167480514997, -0.025460162005783035, -0.045406725424938406, -0.08758172999223131, -0.29246555139108005, -0.027874082087986644, -0.06777483557850889, -0.03516878795514357, -0.039525962885959276, -0.022806423626324037, -0.037597168408649545, -0.03317117882330639, -0.025317421392153504, -0.026971490200426506, -0.031406516663377126, -0.046593052028356306, -0.04123361730714131, 0.06955354349773891, -0.045385466122759566, -0.07909119078178714, -0.15444944412944575, -0.024883583696621275, -0.14895733842035702, -0.030374790052051875, -0.05378930573199376, -0.027332233951061987, -0.030440082708283616, -0.024106968231070336, -0.03985163276917019, -0.024439723810006336, -0.03741374718016538, -0.046807153200274676, -0.03308115739621623, -0.09456346946047683, -0.0477501276779885, -0.1129430963571789, -0.17997915660106675, -0.0660054698709716, -0.03801537593375428, -0.033244312275115526, -0.12615112739862686, -0.0686822633790603, -0.05518869658738483, -0.02913357083452076, -0.0470878109320269, -0.031564248035446746, -0.07779491626526917, -0.05990389489220449, -0.14501070604344538, -0.03297041070776105, -0.02794464400360792, -0.05066373039402664, -0.028697779810809763, -0.0306253038386955, -0.03262471456738919, -0.03379038162720917, -0.025388341405061698, -0.03550319666209909, -0.036134701447745575, -0.19710089371122608, -0.05549880702829284, -0.028952854808351396, -0.025018182163305987, -0.041900176545325116, -0.12205263900503951, -0.029122968433724795, -0.034696795922805286, -0.1327468748134925, -0.02259061493879122, -0.022689474259914997, -0.04163411484020704, -0.049572472438618946, -0.03498503254440513, -0.047628337205607316, -0.023345239569571873, -0.028911417450187972, -0.09035540270357255, -0.03946487756084406, -0.024390510161072253, -0.026175125818032628, -0.03589990658460145, -0.024678093423345163, -0.0284299746017852, -0.07668145373088345, -0.059138875270029326, -0.11407950566472752, -0.08965251618940721, -0.118683790324912, -0.06762908517525595, -0.12590278459366633, -0.04460533258256313, -0.06696399782570295, -0.03744818510866286, -0.11343863106106736, -0.06414367290272399, -0.026857367895061268, -0.042764687545777516, -0.03719515916156574, -0.03302062493752028, -0.029892918768330584, -0.043493184219478016, -0.048928780672188296, -0.028397619799668816, -0.060221561349005345, -0.030772057919810178, -0.030239463009585747, -0.038851858780915335, -0.1322742634270425, -0.04463568868286601, -0.031267236677005775, -0.02487504686767555, -0.11682562526947367, -0.1490345516713562, -0.03982358139866811, -0.05649811981605873, -0.056545213816979197, -0.03460242429065156, -0.03914337555542141, -0.029352493249419825, -0.0477168817603224, -0.0323427077878728, -0.05569512362160148, -0.026464590574872136, -0.0529429255049293, -0.05166789958026657, -0.02845283539027705, -0.02582634591774274, -0.02870638327081846, -0.02826841264563212, -0.02488822004377872, -0.16371744650264056, -0.1760394216509623, -0.1792715771898264, -0.06453175079143861, -0.1328836831115111, -0.09363832058430972, -0.029746908994559347, -0.057254182136121434, -0.026680572420143867, -0.05106900512447345, -0.0795223669458845, -0.06274445617232692, -0.029672219119440946, -0.027450951850432233, -0.03706919040394394, -0.03176738406640612, -0.056095287179882325, -0.09102307624712387, -0.041715714801310574, -0.032144764252121, -0.09648678242981568, -0.07317033626807229, -0.03266946467942991, -0.04168335592967176, -0.09149909868724175, -0.1706895117485293, -0.06422819758849052, -0.04255596017850049, -0.023509860853219534, -0.025953690840918645, -0.028553946025917258, -0.0315981848221628, -0.043876792736143026, -0.055954384159702955, -0.1415033293690074, -0.03695433157686609, -0.04123524441933057, -0.028171969760307797]
native_lookup acceptance class=changed acceptance/tile/avx2-mr6-nr8-kg1: samples=256 batch=32768 resolved/raw=0.923135 upper95=0.926702 paired_log_ratios=[-0.07322359465308256, -0.09770225259377802, -0.09498080936686035, -0.09038366920483297, -0.12835685650332698, -0.13599654961706595, -0.08990249593551905, -0.1369974863974545, -0.08172170688083824, -0.12590368001067748, -0.050389866557094175, -0.054876712123597446, -0.08052965075901218, -0.048122254975851375, -0.07605531545389106, -0.0519091714886811, -0.062055786544791366, -0.1608516322776556, -0.08734729297581613, -0.052231166414979845, -0.05784585807893729, -0.09657811528255819, -0.0750756224665307, -0.12171335601707206, -0.07193967296071772, -0.08157778309017456, -0.07017709695027928, -0.06351488016315704, -0.07582734926381311, -0.061977758380474146, -0.06429352745011144, -0.04805408727999882, -0.08931125727521887, -0.08299818179164167, -0.11277981134977133, -0.0758449426192343, -0.06907609146729636, -0.07501804025715506, -0.06287624811585464, -0.06494845523431672, -0.10055097839888455, -0.060390062594252135, -0.09746574574500161, -0.12441090216383971, -0.09076468987089857, -0.07497894033579854, -0.11287110647544156, -0.06513599902703023, -0.0834609595485626, -0.1024775768210479, -0.07933366840482145, -0.13773623761977424, -0.0887663255508805, -0.07095362570183461, -0.05431741772492701, -0.14684604139072796, -0.1987997285000052, -0.050385756113363545, -0.06284665648606215, -0.046385766949568474, -0.07408248186338338, -0.054849967791582854, -0.0870160690546431, -0.059619939408282946, -0.18046718605965975, -0.10197741038904072, -0.051422579294638684, -0.08106316823187264, -0.07214595673955729, -0.06996717386918168, -0.0513489030148937, -0.05975741772769959, -0.10419541047923558, -0.07784807613405499, -0.06399719965464108, -0.052882172078355244, -0.15567068286003805, -0.05923274624530763, -0.12084572917401135, -0.0720109435699795, -0.10646560381970079, -0.11828962339142596, -0.07796720428620123, -0.05044051233435893, -0.1511996469906372, -0.09135375663801006, -0.07924551972813393, -0.06338295634134462, -0.07929015894881901, -0.06706751393862813, -0.06420407131180743, -0.06963191843769406, -0.09182986150553643, -0.0514602247903731, -0.058797676941779925, -0.06619476851028391, -0.08192636991136573, -0.053454053328363275, -0.056865136136012635, -0.07424548339763931, -0.06927364892500111, -0.0655021128670268, -0.10806519769830332, -0.07949103304465094, -0.04375174991568565, -0.06771503826895754, -0.24543830163005012, -0.06713715994718651, -0.055577008624363614, -0.09056964949556824, -0.06188376116372471, -0.06387676453654441, -0.04918012385635042, -0.07255667946958105, -0.06577429436924007, -0.07605442035296521, -0.1777724147905673, -0.1032151025542714, -0.09830315733379717, -0.08389863804150868, -0.11580017160914109, -0.0597564951419658, -0.09416817146763863, -0.15465648776984434, -0.05331200109207654, -0.04816754076935185, -0.05460699615376333, -0.09065282318108818, -0.07481641961882829, -0.07694407210566684, -0.054114359815343564, -0.06709839432597738, -0.058223852987802686, -0.13350814487525964, -0.044880376393317115, -0.07677492733150577, -0.06799691619350266, -0.05314237329072135, -0.08144698697753179, -0.060567784200512745, -0.12993130880394185, -0.0834724943790243, -0.11120818143469764, -0.05472395322162966, -0.0774481418681097, -0.05499851327891363, -0.05427150790933518, -0.13270804973541334, -0.0938930957850074, -0.07790618283619778, -0.06449654158903426, -0.09232821072801535, -0.04483220353435465, -0.09762404813877845, -0.10565460617640146, -0.10173421067352735, -0.1054655215514443, -0.05944315075357151, -0.08959450486287004, -0.05112476434010134, -0.06551346970369519, -0.15495244196901362, -0.09418282154872001, -0.06862194573154005, -0.05655964414257287, -0.06298472031579325, -0.05092710179326563, -0.07131102898781719, -0.06246390375506536, -0.06938827364844764, -0.05972655849435896, -0.05207181468955397, -0.07223294670294582, -0.048956433736854786, -0.10945797483354719, -0.1658765200168407, -0.05522142173915829, -0.08314354658704354, -0.062124185743386184, -0.06646120747007488, -0.05726401991754763, -0.054720379981394306, -0.08033299832524127, -0.06567707201685948, -0.07813804002596111, -0.06033825892950078, -0.05392628341508008, -0.06787421910944198, -0.13703306144057273, -0.10251481048992439, -0.05665268769409747, -0.06952819316494102, -0.08390669345273145, -0.119042782688715, -0.04964004672203833, -0.07832992196817695, -0.05353523896951122, -0.05870513465465505, -0.08073735454178825, -0.053517287186983835, -0.06514853405780237, -0.0682550302029724, -0.0772330947986112, -0.07051771915713491, -0.04861360819516248, -0.06363076462893068, -0.06641525379122837, -0.13622001010849621, -0.051980706196739106, -0.06332352724075184, -0.06096162179374632, -0.07177144244528742, -0.04717446232636164, -0.05022499736692462, -0.07270320470591382, -0.07497503116190216, -0.06902261343089953, -0.15313706080898948, -0.056184381914924586, -0.04061287353237186, -0.06589530945707463, -0.1741840212913299, -0.058106886015161126, -0.04417285710113788, -0.09338231044502751, -0.017091205227287923, -0.11064848120312473, -0.09664796365937368, -0.09412370777110568, -0.13028281629312619, -0.11332282196695502, -0.05584307125890905, -0.06615425528363313, -0.07713257487965808, -0.05388382768137349, -0.0753722101202758, -0.04966830809512862, -0.08932868578032362, -0.05307191937913895, -0.05329158749434903, -0.06601188868295989, -0.14384714167418228, -0.06401271882856392, -0.052882763447105005, -0.12554416511957686, -0.10086501327632864, -0.05463976157127575, -0.054334531593530154, -0.08048745867709696, -0.05807706881556896, -0.06518613709357936, -0.07571837576180093, -0.04980484143782229, -0.06930247917385347, -0.06034966427230909, -0.0784148869769803]
native_lookup acceptance class=open/static-control acceptance/reduce/avx2-mr1-nr1-kg1: samples=256 batch=32768 resolved/raw=1.017984 upper95=1.020605 paired_log_ratios=[0.022675753425739267, -0.03454004180891793, 0.05255096938611263, -0.028300883166815942, -0.015267261191548498, 0.003517839036745318, -0.021264480673092598, -0.0049717359171986926, 0.012604223385311671, 0.03261993562609577, 0.019092257896447765, 0.015566173729907195, 0.018909452006528195, 0.01770618949623182, 0.0239458427070034, -0.01923796621973351, 0.022416740212418088, 0.0057060583695167245, 0.019677832461021047, 0.027200299315714136, 0.015138201323349991, 0.02053831569415427, 0.02030826422298349, 0.02542801359809596, 0.013174603567709555, 0.011131256131315567, 0.04568589456486956, 0.023825449950557645, 0.016162396036398685, 0.01932266480490279, 0.013400788220102194, -0.01744991189380403, 0.014251633038351027, 0.023205149183958593, -0.027214204677697373, 0.018902048277228103, 0.00865406616390882, 0.05754965657976062, -0.003056569618444548, 0.019977657048671132, 0.01612023408631893, 0.0407468071139904, 0.01145462866613076, 0.016867568558943183, 0.01946461258622229, 0.07651468428572744, -0.03249925069022575, 0.013007043524343101, 0.03661064086197295, 0.019075629566969166, 0.009432695810497927, 0.023109945962289546, 0.007588058874567592, 0.024443367159939017, 0.031551292704708266, 0.045398490284654716, 0.013269289411941785, 0.021810878432233793, 0.012689278472870862, 0.016910651963255075, -0.009092932403174547, 0.023449483870445677, 0.027824211410390515, 0.014953031850373416, 0.012483512786813039, 0.014467790782472484, 0.002132032657270189, 0.01997178789393878, 0.0251087466054033, 0.017449601633974677, 0.018883789348183598, -0.01646291962288461, 0.015753261482158224, 0.023153826829151743, 0.015365033371386666, 0.031665285855924805, 0.06889084975143979, -0.04168060378368485, -0.004148649299060695, -0.028302585843583136, 0.021593526258372214, 0.014216009001027947, 0.02226003782039299, 0.00918707720252421, 0.02165250011172149, -0.004328756366863923, 0.04382553237760865, 0.021198268194913154, 0.012112574218410081, 0.028252369661104636, 0.0374330331073015, 0.005916238783337948, 0.021126180877961646, 0.012591975373593847, 0.019715428634874393, 0.03466606385913091, 0.012235332060170944, 0.018262307114691043, 0.017170177113698903, 0.013254096669421424, 0.021604823959421586, 0.023431681886317928, 0.016658343295229108, 0.014372299116805334, 0.012374147477210037, 0.011512153218691635, -0.009242096543522585, -0.014233396533193388, 0.02380935821905102, 0.009182087450772335, 0.02187427689162829, 0.029956818425864565, 0.014805534780437014, 0.017011771676716973, -0.006318820746411964, 0.020996445859676624, 0.02010610987086461, 0.01872708725047295, 0.026831706864214058, 0.011924189984333115, -0.002143489469995624, 0.028743907637467946, 0.02112387367548241, 0.019945014958376712, 0.01274267125330616, 0.023003661735120272, 0.01205392430551758, 0.04476361089117152, 0.03075738269311686, 0.033730001817078456, 0.015393366247111417, 0.015351070994470641, 0.02229792588379336, 0.020975362445296984, 0.018968022618566706, 0.013283321661157168, 0.04896334267575258, 0.01924845336979861, 0.015195319393008777, 0.030916106447037777, 0.014015403874625292, 0.01272416085900605, 0.021088144187701302, 0.033674300190273475, 0.017046531154802386, -0.01824156521162299, 0.016834709039766308, 0.012372912454529436, 0.02088249467202282, 0.02092441665034661, 0.003748753986813385, 0.01929162187530327, 0.12888056231090217, 0.029052421958349527, 0.01969705872159408, 0.031941273370172656, 0.022014801827150543, 0.007236400906013772, 0.017832184686533324, 0.022768280105557346, 0.0177036610994216, 0.016498767527220085, 0.018998738228804397, 0.011402969174008822, 0.015274909945073299, 0.016435948561056277, -0.011629690097265857, 0.04005270085264683, 0.013773419151736193, 0.021589480094317694, 0.027622892857387032, -0.0002746323440372515, 0.018083768585055175, 0.009415794604754084, 0.00857747426157069, 0.01563830935090347, 0.02668703329598645, 0.019592081674905445, 0.020037624672746765, 0.005016970427989291, 0.013688879404758509, 0.02275198406622109, 0.09441392077716909, 0.01366776925186425, 0.03258958669669813, 0.031222822709331074, 0.015351171428248619, 0.012762504651684119, -0.0004795685109201495, 0.014866100702909345, 0.019382439626428175, 0.0050329681378781, 0.038495134981933486, 0.012753377019674855, 0.022917891841011187, 0.014972568643806528, 0.07642874111721469, 0.006169041196436725, 0.01541410123483262, 0.01728684129199067, 0.019314761109092044, 0.007542365399406867, 0.048818742471867606, -0.010710148340201878, 0.017313967946850018, 0.022550684337914732, 0.026472248679993253, 0.013194511778952311, -0.0055185228173376, 0.03225234889147031, -0.014529946495976623, 0.047409509152352924, 0.014445085083622132, 0.027013691484368975, 0.006798274014990782, 0.019346172890755582, 0.023626688122632192, 0.02573163293951363, 0.025742621099935404, 0.1059545366511501, 0.018848415419989863, 0.017049596740179522, -0.0005232291367045209, 0.016815013118860096, 0.02313174433390328, -0.09525252624988058, 0.053019766081112835, 0.022022447877081845, 0.018364202560181286, 0.024853868085459512, 0.008360835661432692, 0.013946045703357755, 0.03642495818297502, -0.022147243640220277, 0.008957128576150507, 0.0235318482718012, 0.02111165257586754, 0.01582404487029109, 0.046358133100245405, 0.014934105797598103, 0.06263317435430718, -0.012508226105357794, 0.025634615605731673, 0.028499918625495363, 0.01670338811210059, 0.018699798272229437, -0.007395233394521945, 0.011410489905617178, 0.05207998210761706, 0.027021690200711046, 0.004825089927038196, 0.016926663485523907, 0.014341529898425867, 0.0059489340900856155, 0.01324805108554893, 0.06448871749544358]
native_lookup acceptance class=changed acceptance/reduce/avx2-mr4-nr1-kg1: samples=256 batch=8192 resolved/raw=0.872975 upper95=0.876997 paired_log_ratios=[-0.14740700496689446, -0.08291661215672588, -0.1230342514737603, -0.16271246714743914, -0.0976364104371243, -0.11835257929263127, -0.08643284146422688, -0.132897392548295, -0.09390360433317166, -0.08701993821533843, -0.22883556190208657, -0.15611948293895234, -0.07666841261063001, -0.16984366312402668, -0.13672683422252, -0.1287196582100675, -0.12080865457869118, -0.16341794042247512, -0.12787867724190607, -0.13983120629850912, -0.07966868043749763, -0.1351102031474357, -0.2060440666505461, -0.1702092530462072, -0.12722523001066124, -0.1420344162170918, -0.1360452642534418, -0.1905619182545828, -0.1401684363324574, -0.09510906030300109, -0.13002227017535653, -0.1210628312394373, -0.12289942876917569, -0.08860470361931375, -0.15265824891019042, -0.12440136064238268, -0.07669856689405108, -0.12375302128616228, -0.11444268827335205, -0.09052152692326379, -0.12992473012768554, -0.09539146704370384, -0.17736913224468648, -0.07983319172800456, -0.1177358154062069, -0.11334723303028346, -0.17845223198836999, -0.1070202707557565, -0.08018350016315225, -0.11781508033671374, -0.11185044892224275, -0.12914715357681425, -0.1669710664348912, -0.09317615924038582, -0.11846391250352716, -0.1659976083687813, -0.22029357128108096, -0.13184636182218276, -0.136433133694779, -0.13646912771494893, -0.11930649106639789, -0.12075100005311042, -0.1223664451416029, -0.15816624547446367, -0.14143439209493186, -0.10879203738433528, -0.11766725896747629, -0.11843779535634517, -0.13890493238608478, -0.10982221519292204, -0.19946049334112997, -0.16008193691642733, -0.096340202840815, -0.10552513894848105, -0.13716072890835634, -0.20642452597965077, -0.11243160328025036, -0.11302949945125076, -0.11112246620095005, -0.11074205730295847, -0.15197168474850684, -0.16297736838055987, -0.11343053730944824, -0.1199184747716532, -0.09140297120539975, -0.11443554088492908, -0.23506471375907592, -0.15576017432584802, -0.15600801937108835, -0.1697099901144023, -0.130141787848611, -0.09285635400181667, -0.3171982476554607, -0.17755775769795415, -0.15150281123828105, -0.09238375883158689, -0.08308752653596385, -0.08961013182673412, -0.14648599029926251, -0.0891948795876917, -0.15176154650095974, -0.1294347728687048, -0.17701341249193678, -0.10022141315058149, -0.16573551905126646, -0.20976502564136507, -0.11114356405297525, -0.12627951285572803, -0.08414689946142624, -0.09861391542919234, -0.16137034011727108, -0.08764098683761863, -0.16352091045356046, -0.11944751212593327, -0.16040966390685496, -0.14828792556875925, -0.1495996984692555, -0.18955749384724693, -0.10354887051099736, -0.18547160061596582, -0.16555740580296993, -0.1307337927943635, -0.11381262251699756, -0.14715029025533785, -0.09984364299718607, -0.07869220106942783, -0.10433571080938141, -0.13837478248099142, -0.15784417082032226, -0.18205773192792626, -0.1570970742830061, -0.12603017939422426, -0.1869975961894534, -0.14649631164346125, -0.1131836917024867, -0.14282849665043443, -0.11787477260627816, -0.1239253425485631, -0.10039361174483465, -0.11268995885613955, -0.1261729479400842, -0.10515858332656962, -0.11718503333625153, -0.16939483069232966, -0.14565558119206692, -0.15796564055865972, -0.09970932580924943, -0.15876164165599435, -0.1319560604412707, -0.11624181714990652, -0.1721531619549746, -0.3253843026489601, -0.21349688592387478, -0.1141590754787036, -0.13853016403162968, -0.162635168215966, -0.12730640168592386, -0.1779471469393995, -0.13768071895673167, -0.141344361515602, -0.13806246940281097, -0.22440593104399134, -0.12200000893117163, -0.14005342755855046, -0.2060874815204479, -0.1194692050521405, -0.08542310016120087, -0.13887726886364407, -0.17069537029591747, -0.0970253845208788, -0.13187967161188238, -0.13466141501697448, -0.11165105755530362, -0.19520517465510615, -0.16281986960144745, -0.12145972581815632, -0.16662938500576016, -0.07522823582203764, -0.11592366795379075, -0.13152152281790203, -0.1552649181675232, -0.11755742904163125, -0.12520274565174105, -0.1639308674831022, -0.12641099210123025, -0.09916720360253026, -0.11035987592238632, -0.10046318890280197, -0.1730851187062526, -0.0936840336846791, -0.06857690624474293, -0.1393312517573809, -0.12689377069969096, -0.11631736742328086, -0.1290043259343929, -0.1427379510596502, -0.11192989284131442, -0.10835418886606506, -0.10629753074567135, -0.12368330110032916, -0.08690619416546322, -0.21013802015994823, -0.1426300861981813, -0.1460841092051291, -0.13250194397927043, -0.14417275718719944, -0.13774503596503918, -0.1069167518799449, -0.15744273552652502, -0.11478668656460075, -0.1412431763870264, -0.18467451611303107, -0.1914099553861356, -0.12420151316123487, -0.08320403610928104, -0.13047348396713493, -0.18133367768848235, -0.1354387441987859, -0.11676626758392727, -0.16407191816217886, -0.1381429108656913, -0.10176163922297497, -0.13828749653338643, -0.11837132837936651, -0.18629290984652963, -0.07670703883645325, -0.11821794955082965, -0.1577995962525396, -0.13613372850372085, -0.13207897065195895, -0.08431300617629232, -0.09863713303105479, -0.2110923784903868, -0.1672983360253165, -0.2099639637464367, -0.15285035538408231, -0.15651141430599952, -0.1253929919347473, -0.14149013049621154, -0.1183443889883172, -0.15325561704665788, -0.13465825216289398, -0.08913107545976197, -0.14045842961359026, -0.14820985203594894, -0.1212248762164063, -0.19333244013137865, -0.13286176565835228, -0.13006991817320884, -0.15370740161858945, -0.10436419134281909, -0.1415639621557027, -0.11884367615834646, -0.09297856244102244, -0.19978020402504887, -0.1811905123933331]
native_lookup acceptance class=changed acceptance/table/avx2-rows16-group1-kg2: samples=256 batch=256 resolved/raw=0.819785 upper95=0.833379 paired_log_ratios=[-0.1356565764014179, -0.0917774901129527, -0.16713837313989272, -0.15101892164166583, -0.27071295137731094, -0.012461706382229635, -0.27176429234780397, -0.22403022834317263, -0.398813287780361, -0.12707156513398957, -0.1911126389786194, -0.27279471923283677, -0.12963307961845463, -0.3692836122382422, -0.18331682993090237, -0.3924059638455058, -0.18711910343049842, -0.5025775210560965, -0.05902296919145248, -0.03767334060104438, -0.05530982491756711, 0.06526090012512542, -0.05552216620531476, -0.1311916570143125, -0.3324798953772846, -0.2979347107651848, -0.31052732739719874, -0.5445105188546229, -0.07925363969596949, -0.17368503729599763, -0.4470452679443005, -0.26557986343814804, -0.56019038420455, -0.1147623871898918, -0.4789684328006664, -0.18860491562220535, -0.2046291978572012, -0.13463026427718824, -0.15119796714897027, -0.03717898746380639, -0.05554826496503404, -0.0015185929596003142, -0.30184784512273016, -0.26155422225834185, -0.0437013486954415, -0.1116114972828059, -0.18372309098812223, 0.22319523763668972, -0.45420994087048544, -0.19906541441298276, -0.19521160127144935, -0.2682866262340394, -0.10701444158422137, -0.2225388933818146, -0.06211560856029826, -0.2910502815498812, -0.1675727147873588, -0.2362925044279358, -0.16373645489368913, -0.1907203961343457, -0.3371228059323566, -0.2756433745994438, -0.570180041407576, -0.17678396403410315, -0.17235911900551215, -0.18347161488588523, -0.1470716860652891, -0.34079526713168784, -0.15352772161164596, -0.14825306443906872, -0.22047775265902897, -0.1957229305644145, -0.20025598708756, -0.09826443587719896, -0.19651367160330283, 0.006755036019491703, -0.17940359751611007, 0.04008034369225759, -0.1979350382970122, -0.1665652377913338, -0.22617810170277264, -0.1408672706359663, -0.461034563449569, -0.21059286674297786, -0.2589439844068068, -0.160781895035522, -0.2936940731626281, -0.16512864551606626, -0.26589046009445894, -0.17958831820665874, -0.3223999093853635, -0.13375864764723774, -0.32881874997751187, -0.27547430417635116, -0.20299239414786502, -0.1445052564973322, -0.21174016061786746, 0.011983064912817289, -0.10312157254688539, -0.1056479962906979, -0.07510414970445782, -0.22384658034337243, -0.3129992670304389, -0.1238840387772827, -0.006209425181754744, -0.16740664279252995, -0.3603668773117298, -0.07645653569322156, -0.17491440515469253, -0.1696187164374056, -0.33235041766535295, -0.20081110573400834, -0.446653900899958, -0.23854542417463673, -0.09182713796912836, -0.21572027802488758, -0.20576979128568826, -0.173917506381893, -0.1038072698741818, -0.271271965342369, -0.27914364444426887, -0.3171675072647768, 0.16903712611200147, -0.1358962974458933, -0.15945866167417713, -0.18705062453478954, -0.30506443629973895, -0.16721578235864393, -0.1325003782571387, -0.3053804848032781, -0.13737577399821846, -0.19325579668757337, -0.21457146484379488, -0.22190282888422047, -0.17520291288388248, -0.030108004591259896, -0.12396705967216054, -0.5634448828271328, -0.20299028447831707, -0.20909065185446132, -0.2466495031103926, -0.12826830221090052, -0.07575589401081552, -0.11919341398164826, -0.1840167063598348, -0.0742069840977204, -0.25185093318356, -0.15201846127925844, -0.22338403866066056, -0.12648759000173876, -0.22321222234085197, -0.2988128252176438, -0.09802455568799527, -0.18997085965089403, -0.24055563903467894, -0.13521881548853987, -0.19737189657778806, -0.06591247213287157, -0.1496778040061581, -0.32093241538095607, -0.18569816915627607, -0.06660456617472732, -0.21771288809316736, -0.2509861511415051, -0.25609108667753777, -0.01647295486295441, -0.15543168344421765, -0.6053487741455804, -0.30127090072905405, -0.2369253175168591, 0.023470832664823874, -0.34034362692525855, -0.27705522601843985, -0.2816709514500263, -0.09025071892517526, -0.15959231715987487, -0.11771625660507805, -0.18349111298182494, -0.10825470128936894, -0.2550425963704698, -0.38920221188583654, -0.22466799581728206, -0.16546950382477496, 0.12382723215371383, -0.2627669862455274, -0.2143959565927667, -0.2213545014696841, -0.2824217666884673, -0.22408243479184836, -0.28743238503793017, -0.15181265513643183, -0.4226296857992261, -0.3088586451783044, -0.18736768633085674, 0.127594903166601, -0.1068881653323308, -0.15305830379229, -0.06351862841179315, -0.675854163020892, -0.42237288268011514, -0.12852131578932896, 0.022524588413168952, -0.3514593013726275, -0.22242655600679684, -0.30200327161132173, -0.2099934686433542, -0.15849646767133352, -0.1595412401167452, -0.19494407205893094, -0.15821627449886724, -0.4261997248564528, -0.21579624414977172, -0.23432691807544323, 0.21572596129413935, -0.1908053594410279, -0.21929913521842986, -0.44438032863540344, -0.3486824784419028, -0.15146963168900232, -0.35101916544047523, -0.12438122121717489, -0.18776165517663465, 0.04197842600281044, -0.2945164932680227, -0.24647144693701128, -0.07109964957401475, -0.11642809000130286, 0.012627790665065744, -0.601531043472907, -0.1854604376944598, -0.12271875417101025, -0.22548924723321895, -0.28028258492181995, -0.15123672987148196, -0.20427018728022664, -0.20511405266624347, -0.16805018540397507, -0.2707494281293554, -0.22461971294672464, -0.1654684649311948, -0.05302088502172358, -0.21078978356678132, -0.18887596751707833, -0.5734352059861241, -0.12009473122469051, -0.23305711554498812, -0.09508978256351135, -0.3722555908852104, -0.09651625522877016, -0.049062246857590947, -0.09790386596666636, -0.16477437086021948, -0.16519433368664876, -0.06986383756985706, -0.1940930372443323, -0.1460280009142053]
native_lookup acceptance class=open/static-control acceptance/tile/avx2-mr1-nr16-kg1: samples=256 batch=131072 resolved/raw=0.998818 upper95=1.001661 paired_log_ratios=[0.009468325422669475, -0.0320588587679401, 0.05903183780824761, -0.020160993725826488, 0.0021520834274248238, 0.005417385074606559, -0.007964835999419377, -0.005690173702318463, 0.024706378409183674, 0.027229610009531342, 0.03970242112048642, -0.044722575158226474, 0.009169244961516668, 0.008847791404945455, 0.0023956754722801784, 0.007908556269140849, 0.005751979686877038, 0.0002640869850112085, 0.0029407020375012615, -0.00436391083768994, 0.005671865151480286, 0.0015025401373481757, -0.001313371571562192, -0.0014472577569314784, 0.03700661449074295, 0.0023065780974733862, -0.010740327533804857, -0.01460308507900447, -0.0013001572246197708, 0.00025804753449044194, 0.002237334701549866, -0.0036925586772816412, -0.002084720611881141, -0.0026632945360731655, 0.006136080755640555, 0.0030992255987152464, 0.022143028951046303, 0.029077658729977654, -0.01730410472985205, -0.02005449792577464, -0.002382178097331917, 0.003952084009137261, -0.0008345954561072981, 0.0031714589660022502, -0.0040561078135190705, 0.004519728981353118, -0.00011185312125938096, -0.00805053256690035, -0.004034507317663494, 0.002991679592713799, 0.03443901631548409, 0.0019466819353971274, 0.004305272376052031, 0.00034601586531496657, -0.0005065205187626664, 0.007520976959161782, 0.0031873924245366257, 0.0015792054462081294, 0.004356423462071337, -0.07500717367119526, -0.007675219443401406, 0.004104703997726063, -0.0025012784879934985, 0.025593664202871753, -0.0029264498816746133, 0.004332966446670488, 0.009965137754357136, -0.003974891476456472, -0.0020905568390834476, 0.0026146142460485374, 0.0019003332224399566, 0.02957664334877709, 0.040859386753703535, 0.04975654492928899, -0.19902975697234832, -0.010050289634782982, 0.0014360719516302097, 0.0014731321295084125, 0.004844215566841951, 0.0018464955082387532, 0.003985513465442731, 0.0023724391289658966, 0.005232657238912826, 0.0430120477713859, -0.05094970949353259, -0.014218266878303229, 0.0014857432712199617, -0.0019567965611622436, 0.005250047232062249, 0.00312216310572737, -0.08473454830409312, 0.002799704261304619, -0.00013282955786454498, 0.004867772947203528, -0.0030865394747765277, 0.005257825390716215, 0.003656707575473012, 0.0005856292610441041, -0.001548442921603563, -0.002150242185784185, 0.005995940803888214, 0.0415944139987501, 0.007357632188455583, -0.003407516914024716, -0.00042055731441539547, -0.0551092027202204, -0.011860524785677617, -0.0007784410432819101, 0.0036985076801558337, -0.0025675829304939793, -0.0005259017370566053, 0.0012029861259644748, 0.005206449998813228, 0.0010132677865337236, 0.019451663351468338, 0.005635840190781608, -0.006196374015725578, 0.003969617066551096, 0.027937597838084197, -0.015689362305981808, -0.008530653939445442, 0.0019688353800853976, 0.023896510802233654, -0.0030571873133513876, -0.000372104099612768, -0.002225548521317707, 0.0014820392179183662, 0.024398690025080896, -0.05591549530096331, 0.005452082126528334, 0.0008604852712353826, 0.00291052451073544, -0.0018533962468907557, -0.0006800633276625908, 0.002787021403654644, 0.0008977253092349656, 1.9746016951715422e-5, -0.05558491194409018, 0.004779915277690082, -0.0016219904813604415, 0.05893425585937333, 0.002641825102449716, -0.014766585887803755, -0.004215124465201828, 0.005928768287711931, 0.00011169098271358386, 0.0028986170746323763, -0.0068065559998351345, 0.004982117442269986, -6.271847370624833e-5, -0.0026997244744696685, 0.005404513365653786, 0.02325826405746574, 0.020399583700321453, -0.012910531162280707, 0.005537009482761954, 0.002828905404096622, 0.003562633076865732, 0.005021610771887801, -0.0006749825508040371, 0.027303370314570273, 0.002422711294712488, 0.0050069300833602585, 0.007274280604606433, -0.0019345320979524245, 0.004005015577962535, -0.0011453915690011489, 0.03921241635241795, -0.0001058248693538656, 0.004531277516004937, 0.005471299390371501, 0.004445798451853532, 0.004102770760002041, 0.0035934780112203573, -0.0030965667196523384, 0.00945263493437506, -0.03279900824043952, -0.05817074276165856, -0.0021714217956424614, -0.010028034766740983, 0.034354340875420886, -0.004467818797825489, -0.00047644684477198847, 0.002705412001582995, -0.03110796804474688, 0.004262040602647033, -0.06387295782585758, -0.01670778119536467, -0.003237382768596811, -0.009038718307116915, -0.00032736856386777303, -0.050202606287090404, -0.006863496137117641, 0.005964336571298195, 0.007156777404268125, 0.0040651270396167595, 0.0016095518066616367, 0.001384671782359317, 0.006939506504753495, -0.005798455645652483, -0.006872979249746191, -0.009770924146627233, 0.030028950061186208, -0.0019261148151250242, 0.001816386157080681, -0.046767792665349826, 0.0007840498075279787, 0.004205103227128908, 0.02225069358158593, -0.012004369769707323, 0.016495349094119514, -0.015436386785274998, -0.005198666164738574, -0.00042366927388298373, 0.004944000668616924, 0.007941838320696695, 0.0034893940771962813, -0.011413332314526781, -0.014873296315514397, 0.00024715348402235747, 0.0013034778817478416, -0.0005706965537983787, 0.0032275111838233122, -0.07511889981450733, -0.003455316368829502, 0.0018669852607343465, 0.009343941069038419, -0.0006693168878182827, 0.0005739267559652988, 0.0015402824716427071, -0.000924301182157542, -0.022611709054370956, -0.004516152340824493, 0.0009081734629619376, 0.0006092237346094195, -0.0022129871431447257, 0.0029889065367268075, -0.0017461997267329006, -0.0014228419529197277, -0.00010364711980124574, 0.0006170674205909153, 0.006568320308665566, 0.004974403353935537, -0.000926342062538672, -0.0011805535356572395, -0.06582392735076845, -0.07207392484759606, -0.004763968957691938, 0.005045188878398377, 0.002130726035383764, -0.001431663611861083, -0.007445399644123164, 2.930150408842296e-5, 0.00024193227420381296, 0.0059885674439884564, 0.025082632627677726]
native_lookup acceptance class=open/static-control acceptance/tile/avx2-mr6-nr16-kg1: samples=256 batch=32768 resolved/raw=0.953769 upper95=0.955862 paired_log_ratios=[-0.0342766606713361, -0.03347387292897905, -0.04809791731588696, -0.03603830565397142, -0.0494553878071646, -0.0655623616441437, -0.04446993129480388, -0.0376843906929246, -0.05443459154723527, -0.07515451651545292, -0.03775700580366299, -0.026818600129146376, -0.03269919562945332, -0.0484442843594819, -0.029100965800057107, -0.08871437448063485, -0.03041413014707513, -0.03590742795171731, -0.049437121097758684, -0.040717246035747036, -0.058244911219242065, -0.03366834568959191, -0.06575628540671706, -0.03917039696706389, -0.028975796455191206, -0.047479350755000704, -0.04035056503844934, -0.04305419254165738, -0.014383554558665908, -0.046707244428593975, -0.034847970464817614, -0.04665811449260356, -0.027308821044893322, -0.034970390621872245, -0.049631995253615904, -0.06649805106989524, -0.04620621099616841, -0.030011527120611167, -0.04911719359985673, -0.024964908543636675, -0.06591403173691335, -0.05665913950454198, -0.04699753240917323, -0.07020085316255922, -0.05224614442559558, -0.056385600655046976, -0.06703977301245878, -0.038610529573849924, -0.03521345555712944, -0.04359025118710216, -0.05258509596557582, -0.044610139169557285, -0.05931332862294415, -0.05029507337108303, -0.058933659678608384, -0.06722160124054462, -0.043545343251517286, -0.027759794487768257, -0.04889365201887442, -0.04365811363649012, -0.03943945240953851, -0.031209563197420107, -0.04469851632213611, -0.031110071381887563, -0.04997634038787491, -0.07504262476971767, -0.07644787766612658, -0.055774068852587524, -0.045557988970165185, -0.030955131477391297, -0.03909045935086919, -0.03933920284767934, -0.038518799667247465, -0.04035498241701341, -0.03465379136019764, -0.023784310108269337, -0.03671353791159912, -0.05065258054782801, -0.03888105550387947, -0.031122285648431516, -0.036085379128230496, -0.036729747670834215, -0.05148854886337239, -0.0501942255128219, -0.054829285210619, -0.07654906908989587, -0.03701636955778147, -0.05362471695043265, -0.053382419402953095, -0.03703782984968896, -0.060595446437269, -0.08061452693031228, -0.06846236316236746, -0.050240628014306205, -0.09176046893330347, -0.0475632200429177, -0.02745534607319609, -0.03866746950644834, -0.04607026557349771, -0.05444425374783922, -0.050251055795520756, -0.04342988540470275, -0.03040532527510024, -0.06237950627784549, -0.005015962758878975, -0.04274172103933405, -0.04611831339968122, -0.03645667255489823, -0.03173722554829488, -0.035299787894500875, -0.03526757954735601, -0.03426860694273813, -0.045932303888094536, -0.06920691062629963, -0.0558242237903784, -0.05580687644039439, -0.07814067496029475, -0.12511600069381668, -0.052848067256320276, -0.048826481242766, -0.03990947037199611, -0.04842178142715869, -0.05189249098142322, -0.04442777307671754, -0.046670952284858735, -0.04684320319749603, -0.042538754301490934, -0.04286538698695192, -0.04468943484232713, -0.03875274883203926, -0.03098144405180849, -0.05970523853586421, -0.056407000863953595, -0.04401508471206254, -0.062070166670543436, -0.0244802845782394, -0.0259682788241583, -0.04372582947086601, -0.044650240336857, -0.03879552812352721, -0.02931873830307401, -0.05590597324316974, -0.05836140915048847, -0.06822648303562631, -0.056506983105965955, -0.13535063411383816, -0.036816081724577183, -0.04619259172285314, -0.10049240606819274, -0.032094855120658114, -0.08634867838013754, -0.024057642266327686, -0.04455432351426669, -0.048515104403141295, -0.032473826697290695, -0.04471820490346467, -0.058759331818846704, -0.040686987417135674, -0.060091181567062425, -0.040688764138678474, -0.04272547394416101, -0.04681209672503083, -0.022977245138151494, -0.03593953986693205, -0.02973620508258911, -0.05131093210489486, -0.05581885516903305, -0.052078560149693386, -0.03821248383331972, -0.020305338133927667, -0.04445072170401676, -0.03157598729591181, -0.05297847256271623, -0.04131099484237287, -0.038071577978629555, -0.05266775483039276, -0.039157163083486345, -0.0451834611462088, -0.07342781973749726, -0.041389295118910124, -0.07384368300596696, -0.02933955770906371, -0.08890190457086453, -0.055628337622632695, -0.04982515795057545, -0.034812306026594776, -0.043429961175332876, -0.03153599350272806, -0.06302557832406468, -0.037536952902352407, -0.045240599436786176, -0.04190987661097763, -0.06879140561572675, -0.0886556327342742, -0.05983931432060409, -0.02842501148202338, -0.08762883108446119, -0.05193264552989806, -0.026816549205096386, -0.041359367584443626, -0.033876532512679344, -0.038956276892894784, -0.04358649400053331, -0.06262926914309401, -0.04948442152370415, -0.11864756451555157, -0.03142231769936593, -0.05264180789880854, -0.040486417520684784, -0.03422689593600172, -0.029565571267566818, -0.031996206794369854, -0.03109945833788728, -0.03556712519745727, -0.04575759489872997, -0.05882468603210681, -0.03781769393451995, -0.06774472155289964, -0.04717234219007143, -0.03205302864364794, -0.05377103610549121, -0.055060406809013585, -0.029229464684773963, -0.045805459978473816, -0.04761937571719349, -0.0300150282036646, -0.0636317700071219, -0.04536002506835678, -0.02213311986492858, -0.043128180450015145, -0.05451755741096793, -0.036319080339732676, -0.040409783951698704, -0.035033701634564665, -0.078820027173767, -0.046422804621159997, -0.05081608408313237, -0.028053876736131876, -0.05947631902679216, -0.05598318023558429, -0.045905814799245985, -0.10701476066995244, -0.06260222862752107, -0.04705316185786546, -0.030539042885708634, -0.044157372568270084, -0.026867726988206, -0.03724581695011693, -0.04832183610790748, -0.05747116555934352, -0.08405088207371325, -0.04001736990508786, -0.04306125933537436, -0.0026341039051973898, -0.03006562679814105, -0.03515463119558807]
# Scaling report --- every figure is `open`: measured, never asserted
# sweep: cube, 9 points

implementation             exponent    +/- 95%      log10 c   residual      n  credible
uor-matmul i8                0.9061     0.0466      -8.2672     0.0677      9       yes

tropical: timed at 3 shapes; gated at 16 corpus cases
SOURCE_MANIFEST_AFTER_BEGIN
ecc3c605f188856daae87aae5e9ca5536ce621970ec4c737febc6e7628dbc7f2  .cargo/config.toml
287d7784819bfdaf257aa5435fc92889ee6504228819f2b03e45e2a73aa67bc3  Cargo.lock
12c023ab4b58599fa168cbf5169f38685bda5de6b28c2a7c7cb4ebdc9eb4ce94  Cargo.toml
8b88c4460ed6c197d452b45557c9cb99099b686d8c54ed54db01505d8d4d733f  Justfile
a3748a09707fb97878197c196bc35fca599c91ef328a510432ffb46f5b72be76  crates/uor-matmul-codec/Cargo.toml
d366f8068fad13584272b256da2e7122cdc8cb6b64bce0c7bf72655073e4cf41  crates/uor-matmul-codec/src/codecs.rs
aab308efe9d95cffdeab99c8f4f3151089086b2d876498428f016f33561ef079  crates/uor-matmul-codec/src/e8.rs
ca608c9af4b112f530e4314455fcbafe6de9945d345c57eb93b996be9cad5370  crates/uor-matmul-codec/src/kappa.rs
eb9ec583db787689b0f3a0668d88ee768bd9fe6089ac145128ca578cb4ba7baf  crates/uor-matmul-codec/src/lib.rs
256f8873ba3fa8e3b694e9d5ab2ffc69bfbc04a551f114e7a4096a9e3f7b8251  crates/uor-matmul-codec/src/matrix.rs
a4dda3938a8914dcc019631deb4e2feebd9f780af6198997751ce3d775cf76cb  crates/uor-matmul-codec/src/tier.rs
b0354214bff95fc9557aa3d0b3fa269bf65639278d99a081b8251a7de7450b75  crates/uor-matmul-codec/tests/codec.rs
83c35d161c093bf3aeb4de5a71a13f1ac9a717ec52e07323b8a68f94169005b1  crates/uor-matmul-conformance/Cargo.toml
9a81a5a52e51b4bd6f5e203857bc4aad628f67065b9700cdfdbfb0a3daab0a90  crates/uor-matmul-conformance/src/harvest.rs
a3ca9272452c5ae1841b15e1e124c47cb93c6690e227ec408852e4d810d7e15e  crates/uor-matmul-conformance/src/lib.rs
878c72fe37b7e5f8d3480b741a7712d91e96bcee5a0c6f25a85f2a4f3ca1cd82  crates/uor-matmul-conformance/src/meta.rs
5c069814f323dd6881e2b32fd27cde0e05f842189a7559ef9b999fb258e83930  crates/uor-matmul-conformance/src/runner.rs
dcd43e34daf417bfefff4dfb25b1ecb5baecff441c0d802022893dfaa3b776e9  crates/uor-matmul-conformance/tests/bdd.rs
b9dd1275944b6706018f0ab423aaefd3d4b4714d78543c166ee27345a1882785  crates/uor-matmul-conformance/tests/cortex_m.rs
ef3a1c3d5cd8b1c5eca9fabd00fd363bcf037a0ec8f05c1624573198d484f292  crates/uor-matmul-conformance/tests/environment.rs
03bb9bd7397ab1d0ac37eeba86e9f3d22c16b579f8e94053254d3ca23aa825a2  crates/uor-matmul-conformance/tests/issue_census.rs
f002ae0b85104d8bc5fd4380da64f18b97cd9477088053869c336f5f88defeef  crates/uor-matmul-conformance/tests/public_float_api.rs
c47a02c29de56162af449046104866bbba6a4527759507cc48703e405622f0ea  crates/uor-matmul-conformance/tests/uor_float_foundation.rs
2c300eed4eb37979f66ce5930c020f826d8c293b8bbaab76e5f3a2eb744d211e  crates/uor-matmul-core/Cargo.toml
816248b24565d5b4a9dfa4f757bf88d53178d5a3073c224ba79860b99481b6e3  crates/uor-matmul-core/src/acc.rs
0b11d9e44a0f72fc7a5b37efc90df4134de7c74e1a5f727e96ff04c54a5d30c3  crates/uor-matmul-core/src/alphabet.rs
4078cf6ef3bd63260bb0d27902f565197073c38afdcbeb57952ce2dff2d8bfee  crates/uor-matmul-core/src/bounds.rs
7997af0edd72c99062b2485a5f9bd9e20be96dbae90115d544eebb91836721be  crates/uor-matmul-core/src/dot.rs
394d331f06bee3a1f29a9eb3ff129ecc0c2ff3ada4ac91262dd63e79bd4aa3a5  crates/uor-matmul-core/src/error.rs
0b5588f626e79848087645ae2f8a242845482a2c9aef8eb8586bbabc6ee005a9  crates/uor-matmul-core/src/float_atlas.rs
ee7e2b77a38222c32d1c6a9e330f4b28ecb925daa07d774a875842796c3c94cf  crates/uor-matmul-core/src/gauge.rs
a79ff11df5c9da8edfa6e8743cb0a17296459ef779e2bca75ad09363360935c0  crates/uor-matmul-core/src/generated.rs
bda5537d0834e752e743eeec1041bef69685921d0b0bdcd53a711f0dda7044a5  crates/uor-matmul-core/src/layout.rs
632aed2a42d205d4804c82ea3cfdce6e0cf7061b0bfb67d7df793b12deb78d8b  crates/uor-matmul-core/src/lib.rs
d018e7e1e35a70c883819c2110588bebf8fc50bc7f0983a95ee8941848f29096  crates/uor-matmul-core/src/policy.rs
073c870684cd9eb0b77492569bd24dc58b198fa4a23ed87f995e359ffc4d2f11  crates/uor-matmul-core/src/semiring.rs
6e05ca8d6ddb4f6e57e3122951760e85bedeab3b80eb32fe23abb944264575d8  crates/uor-matmul-core/src/tropical.rs
e4e164b385008754ce27a47854cf97d14b0efb6524f6c229a2505a818f243305  crates/uor-matmul-executor/Cargo.toml
7210c31a32aee66e478402df8d2dea577028986e3861879757ba8bed917f0b90  crates/uor-matmul-executor/build.rs
1db37395a3080c78d953d44ba62759fd09c254685041afed489f005d02e70e11  crates/uor-matmul-executor/src/main.rs
405d1e30217146f7c1fe5c62471fa6d8301412135a86763f1a2dc103f9501f62  crates/uor-matmul-gemm/Cargo.toml
af05a9c847b5729d9d6ed8305775f2fc6c916728331e051ced991944466d7330  crates/uor-matmul-gemm/src/coded.rs
c22852d855fd89094c0bea718575d3aa948ae77d8fc0a75f9972403a99c74035  crates/uor-matmul-gemm/src/collapse.rs
7e500c864e25a4c4ed732e1b9b2e017bbab89203e61c8f65eb928c2ced848718  crates/uor-matmul-gemm/src/driver.rs
5ba45a0eee9a4a9976e8e881abc8269effbfd50a8f62dfdf3eb794996875f314  crates/uor-matmul-gemm/src/epilogue.rs
867a6954f19a73b6a209ade7f8ce67ab48de9de760eb1b40c440edb7bc0a1724  crates/uor-matmul-gemm/src/float.rs
4a758e5d18b27bae51201999966040704ac214d4e5e832d5991d47aeaf49c36d  crates/uor-matmul-gemm/src/generated_atlas_dispatch.rs
0ec0bb16acc9db1a962609b0f0914c756a78cf8e777abef66534dc4a107d7b03  crates/uor-matmul-gemm/src/kernel.rs
127ab847939542253d03984452a2dda061d9055bbc9cdac7206a6025aee18669  crates/uor-matmul-gemm/src/lib.rs
f9b1be42fb06500aaa6d75cc7ed43859ee2be19289ccc680448f9c4790418568  crates/uor-matmul-gemm/src/partition.rs
0fb61e420dc5c461b6e453f80cc3e70c41ef00a665deeb39ec44fb0aaacb1488  crates/uor-matmul-gemm/src/scratch.rs
7bc222c62aa334728019269bdd9686ab9a70305e8d9bb4ee68d75623224bf27e  crates/uor-matmul-gemm/src/selection.rs
c58820cc020ca60e4c26c52e2d0c0267a674cc04f0e45d176aa8581f54d70757  crates/uor-matmul-gemm/src/strassen.rs
ba0c87262cb1f0a45cbb6fdf9ad8955f10264b3c05b99ab26f10e1cd4235ae67  crates/uor-matmul-gemm/src/tabulated.rs
2047339a519b525f7046cc413e777739cfd6a5dd4509c0795c36ddf48a973cf7  crates/uor-matmul-kernels/Cargo.toml
9d30dd557d21ff786eaa81c74de2194fdc278a252ddeb28c01c1db6974d51071  crates/uor-matmul-kernels/src/generated_capacity.rs
a742d42f37ec2d5b33bcd1e8f115bacdb10b9842b185daba3f28561a26fa1253  crates/uor-matmul-kernels/src/isa/absent_arm.rs
7453602845693593bdb9db630ceb72e577ec406bb400b61068ef860dd7c323d7  crates/uor-matmul-kernels/src/isa/absent_wasm.rs
3f312c5f846c48142ffa2f80e3024ce684a9d7fc5998f3597d3056efe6113496  crates/uor-matmul-kernels/src/isa/absent_x86.rs
9d7d6cc528d76a14ca45e695e83536966df338f9d524c92e284745b9efe44804  crates/uor-matmul-kernels/src/isa/arm.rs
e9d83a795cbda8d4c8a64817e91ff8bca47d1d9d48073c940e56ca354a1574d8  crates/uor-matmul-kernels/src/isa/mod.rs
1c8db4845c8172480744f7d14d640ae89c248bd1c238829f015d09d245f23efb  crates/uor-matmul-kernels/src/isa/portable.rs
289bc91c791c35cb76c4728b7a4165162931e186b1a28bdc624219e1972a8cae  crates/uor-matmul-kernels/src/isa/wasm.rs
5a55309cff22b3a100fff564bbd9d109f1f75b51abcca079053198aeeacb6ab9  crates/uor-matmul-kernels/src/isa/x86.rs
60d903dc770e46a2a738c476c86e4959b12bc31fbb38f1e45248613de2dae8c4  crates/uor-matmul-kernels/src/lib.rs
982d1216b9ba03b90ca5b50fc0b8877ecf0368a8a956887cc807fbdcb1d83407  crates/uor-matmul-kernels/src/lookup.rs
0335fb1cee003daf0f26824a85dedcb98ed91a016e800b186fff77cc1acdbe53  crates/uor-matmul-kernels/src/parity.rs
f277142e0c781ccc1516c83be0a7a47962b6c9b3276b4e7e77b3ecee16cae0de  crates/uor-matmul-kernels/src/spec.rs
ac7530987f5c569a4e3f99e82fb53a26c736aa4cfee811b899974b25ea3f1475  crates/uor-matmul-kernels/src/table.rs
9a2468a5ce75c4071238822d45fa5d67f59395c5ded393940c863318a35ba73b  crates/uor-matmul-kernels/src/tropical.rs
d58463131fb3faf96cd5f26ec13eb35191e21959a0caf447456a28e458ee0cf7  crates/uor-matmul-kernels/tests/native_nibble_lookup.rs
4ad824ffedf7f54a0b6b786ff037643aa1bde7ddff5492b00a8746c5c3a8ca86  crates/uor-matmul-kernels/tests/parity.rs
4c3be35867f6bd4b660004e1b3cef572b31aea547af855c4b9fa5c73ec75e392  crates/uor-matmul-kernels/tests/swar_sweep.rs
9c9904424dbe3c59ec0e98f5b1ecd91eb43d3228981ddfa9ff77f4966ff8ccaf  crates/uor-matmul-model/Cargo.toml
2f2d6ca1543a8ef2ae849d6b0cb2e9c50d1cb4096bec112705002115a991a1e8  crates/uor-matmul-model/src/codegen.rs
a75b8699d2581cb26b0fbf697e1b3a354c3f572706fa30496d1be68ee41805b8  crates/uor-matmul-model/src/derive.rs
afec40532e39899273a6644fb92c3a90ce81c48730c1684a0404194e78134416  crates/uor-matmul-model/src/lib.rs
111ee03e4a500a21e5e580d678bc5766e6834dab67d22904c6cf117f875a8d45  crates/uor-matmul-model/src/registry.rs
cd0fae521eda5a176c687fa84b5d99e4cbbe3e04a7aa1fdaa2ef0fb01a72e430  crates/uor-matmul-validate/Cargo.toml
f625fe12f2bd0f40c01170a7d6ae07b1c2d61d149c8962804d94811f7036e442  crates/uor-matmul-validate/benches/scaling.rs
60a396ab08b577a5cdccdd54bed8fbb61c7149f779ba94f166cc89f973f3d262  crates/uor-matmul-validate/benches/scaling/native_lookup.rs
b3bf139a4c123c99fb135de96d0bfa2f026c459b2820071e8e2179d4be6ba3ce  crates/uor-matmul-validate/examples/collapse_sweep.rs
1f0dc699534f2668f7f9600bef9d5ee24dd4299a7d90dbc636fb8a520e049dba  crates/uor-matmul-validate/examples/float_tabulation.rs
4b8e35cd32ab09c81d0d8fac2da08271566d92b34c2fc26f557b186a8c02afa5  crates/uor-matmul-validate/examples/oracle_sweep.rs
373b51178e7b746ec7cc448ae52399bfd69623f51395ba42222e8e8336374165  crates/uor-matmul-validate/examples/tabulation_breakeven.rs
8060c7d003ba8ee5d9302cba5a08c97d00ba2644d686d4edb3768742d7f96f0c  crates/uor-matmul-validate/examples/tabulation_sweep.rs
647ee6fb1b8251caf802c76edbae3c852cb4aa8cd7a4c99e42d82b35d793bd9c  crates/uor-matmul-validate/src/bin/benchmark_report.rs
6787a8fad80c31940421b9b548a1eb8d15c47ae3af3d30b1fba4072a8411f3a3  crates/uor-matmul-validate/src/coissue.rs
e0003e7116129aa74e25be4a5a7e110559176e81f169ce8b6a011ddb4ef48134  crates/uor-matmul-validate/src/corpus.rs
52ecf3fcbd8cefc44ecf7f32120e6f5f1ecc7914b50f1b9ec494e4e3b224317f  crates/uor-matmul-validate/src/counting.rs
4ac6d9bc06e43c5d206de79360f5e6005fa2b425c6b0ab080a5550460f6d4f24  crates/uor-matmul-validate/src/float_corpus.rs
842f12c581f27a2c3fd147c981f00cb47b9ffb45e806e062c1e4314c5d1e424a  crates/uor-matmul-validate/src/float_tab.rs
fded5ad9274c30496b641a30531ed71aa7f915d15e8f8df13265973b2da56111  crates/uor-matmul-validate/src/lib.rs
5cef60c58a8280f297cb4ff330ff57594f9ec77826207ba6e18d5b8c035e1260  crates/uor-matmul-validate/src/oracle.rs
d28272b499ee13ec6442174e08f9a90bcafbfe8fd2fb0b2862c2a877f701086c  crates/uor-matmul-validate/src/scaling.rs
a60aa96f016efb45964cd8d4bd08c98cca7ee828c19401d9ed397b00e4e9f902  crates/uor-matmul-validate/tests/block_sweep.rs
268b1e8a20ca7415c0bebd5505c53bc28a447eaefc1baf06dfe6179d387d718c  crates/uor-matmul-validate/tests/bridge_sweep.rs
8a5919d128702cb9adb1731730dafa3d6f498ffed33b1bec75c268013631ae87  crates/uor-matmul-validate/tests/common/mod.rs
85f9d5216161d5e4b419ab04c68b2dd6bae2aa8b61f23c7034c5740b4e3ea43a  crates/uor-matmul-validate/tests/cross_library.rs
87ec9b791a8792a0911a511b25f7b2012c542ea84c2c4f5a5c34c241f865047c  crates/uor-matmul-validate/tests/environment.rs
987e8ee5bc5fdea6f0d9e9bc973ccd042d68d25596687f33d935481353a9ebfe  crates/uor-matmul-validate/tests/float_oracles.rs
ff2344702706e101f6f1797d702f2c165d6c18468dfe8c10b2a387b73684063e  crates/uor-matmul-validate/tests/massive.rs
0cdb9d476ef124a56857226e95f60360e1c4b6c7ca790eed8d1472cd92309150  crates/uor-matmul-validate/tests/numpy.rs
329f0ee9ea5e8981a94957cc23234378338fa49665df6df9c1abe087cfda0627  crates/uor-matmul-validate/tests/provenance.rs
181eca87c2f7dcdeb1e6348edfc9503b7ecdd7cb6ab25ab642a0f87e56376c1f  crates/uor-matmul-validate/tests/scaling_report.rs
df4cdf4ad1128aa351f77c03555afc91306a89aea15b7973a5f4ba39360129da  crates/uor-matmul-validate/tests/selection.rs
eadd77d59845f671a0181480492709939b8680992699b2f9402f827931794da5  crates/uor-matmul-validate/tests/strassen.rs
0b6782018c95216bdfb3483c3c4bb864d2f7369f681cd2b12107bf767236704a  crates/uor-matmul-validate/tests/strassen_sweep.rs
d575c3cc349277b1b9342f214d522362731465b9b128d116f3ecbc8488831c44  crates/uor-matmul-validate/tests/symbol_bandwidth.rs
0b125d0e1b309570ddf5cce566e14392cd165d2a750c612a3ffe82d76400f965  crates/uor-matmul-validate/tests/symbol_corpus.rs
2d262d5465efb2f643f1ec383ffb9ceca1af2ddd61e1c55f0486dfb148d93c2f  crates/uor-matmul-validate/tests/symbol_tabulated_sweep.rs
7f8d6dc41aee66a4bbe30781399d7032dd42afb011a5fdb6a41916ba7f819c04  crates/uor-matmul-validate/tests/tropical_oracle.rs
bc7ca7ce854732ae979e8f5adda7ce48089a021c5f430f4617a9ec62e044358a  crates/uor-matmul-validate/tests/tropical_sweep.rs
0788eb16d5dfc3c3fafc0bdfd88da7e2e323e51c1069ffdc8f9da871db54e835  crates/uor-matmul-validate/tests/uor_float.rs
54162a9c91e6c4650fa82679e840295b590a263fc3e9721a806fa412ed6d8136  crates/uor-matmul-validate/tests/uor_float_sweep.rs
b76328a59dc6c3eeb8f2e37eb12ce95b6f79a5cc85d8f00ac101c9cf4772a162  crates/uor-matmul/Cargo.toml
436c16b0c166886df62fcb74cb4b06d4b45c1cc8e18ce18e152665e391e7c004  crates/uor-matmul/src/lib.rs
6fedafc056a256d966110a6f54a59595a32e63e350d6495b9e4dd729613edbef  crates/uor-matmul/src/raw.rs
09ac4be40355e5f38ab6c2656ef1a844e7b30734132dabe1179b79d084c3eedf  crates/uor-matmul/src/slice.rs
b8529462d5dec4d4b72ddebd9a1e925e458af4247663f9162b99e8024122cc4e  crates/uor-matmul/tests/auto.rs
62ecf66884c71051e98967d8d0a80a212b327e8e82249616055bd9c944857114  crates/uor-matmul/tests/float_workspace.rs
2dce5150fa72d943f6f383e985f3080ec61be7b943a4a3ac97e4820ec630e0f5  crates/uor-matmul/tests/raw.rs
eca644fb145a73089139f980260ad4e50910dba303e5540cd1857477d78a82e9  crates/uor-matmul/tests/workspace.rs
7cf7c40eae161c2f5652c470949032b41cb00b942f5424f0a9cc500be34d5d55  model/authorities.toml
306d0914490e07c8fe462ce38f7fa6d9588bb9b97937623f12a775f5f488fb76  model/constants.toml
a5aa81322cedaed1a8c2258ed4529edf51c26e035e1431bd0cc2f10afdb409ce  model/ids.toml
5faea90afbcdbcf789c8a6c30c9844b76b90eefccfe24eb2e5f4f01bf433f7b3  model/ledger.toml
f78155cf6d2cfc8b3beef0f6727de3fe3d94c8f36d59318dfa2063fcaf038ab7  model/oracles.toml
fe6c03698d871fc8556f3e6cc1388e3430053af63aa95a725fbaecc34f0d40b7  model/tiers.toml
61d95e052695a60da927ef5e3c3eeb2701a065f3f9f1ea9a7e529f2231578c75  model/widths.toml
ab31e7cd341da17e1574ed40c4a2e99433410ba2fbb659e39dcd3d7a4fd19677  rust-toolchain.toml
5e91b89bc80eeb2ac065ac6124a0753496292a0ebbfa4c84f8c252237cb26f84  xtask/Cargo.toml
7091eed20416a1a562ab5228c6246f41afe70b4f80750e69cd7b72379abb6616  xtask/src/api.rs
bddda08d78dd2e5d1c900597a835edff9bc353ec844cc5feff12202b22699003  xtask/src/audit.rs
1d91625c4ef277f319d2694d75d61187fe90d6d20404f83ebaec835c13cfc547  xtask/src/census.rs
97955fdf64cdc74ac67f7e6565e25559bd6a50d622f336fcdaa61d97a15dd0db  xtask/src/main.rs
a471feba4b38ec66a1c83f0eadd9b8a5c0e003083a7a4b920a4496e669ba641c  xtask/src/uor_float.rs
SOURCE_MANIFEST_AFTER_AGGREGATE=7dc928ae373f2625723a25ba4ad7b2169fe7e2ac4f824ac60c55033f84672f2e
SOURCE_MANIFEST_AFTER_END
